// Jest Snapshot v1, https://goo.gl/fbAQLP

exports[`VerticalInfographic renders correctly 1`] = `
<div
  className=""
>
  <div>
    <div>
      18x
    </div>
    <div>
      Developers
    </div>
  </div>
  <div>
    <figure>
      <div
        className=""
      >
        <img
          alt="icon"
          src="https://raw.githubusercontent.com/aerian-studios/aerian-site-rebuild/master/static/assets/infographics/Icon_devs.svg"
        />
      </div>
    </figure>
    <figure>
      <div
        className=""
      >
        <img
          alt="icon"
          src="https://raw.githubusercontent.com/aerian-studios/aerian-site-rebuild/master/static/assets/infographics/Icon_devs.svg"
        />
      </div>
    </figure>
    <figure>
      <div
        className=""
      >
        <img
          alt="icon"
          src="https://raw.githubusercontent.com/aerian-studios/aerian-site-rebuild/master/static/assets/infographics/Icon_devs.svg"
        />
      </div>
    </figure>
    <figure>
      <div
        className=""
      >
        <img
          alt="icon"
          src="https://raw.githubusercontent.com/aerian-studios/aerian-site-rebuild/master/static/assets/infographics/Icon_devs.svg"
        />
      </div>
    </figure>
    <figure>
      <div
        className=""
      >
        <img
          alt="icon"
          src="https://raw.githubusercontent.com/aerian-studios/aerian-site-rebuild/master/static/assets/infographics/Icon_devs.svg"
        />
      </div>
    </figure>
    <figure>
      <div
        className=""
      >
        <img
          alt="icon"
          src="https://raw.githubusercontent.com/aerian-studios/aerian-site-rebuild/master/static/assets/infographics/Icon_devs.svg"
        />
      </div>
    </figure>
    <figure>
      <div
        className=""
      >
        <img
          alt="icon"
          src="https://raw.githubusercontent.com/aerian-studios/aerian-site-rebuild/master/static/assets/infographics/Icon_devs.svg"
        />
      </div>
    </figure>
    <figure>
      <div
        className=""
      >
        <img
          alt="icon"
          src="https://raw.githubusercontent.com/aerian-studios/aerian-site-rebuild/master/static/assets/infographics/Icon_devs.svg"
        />
      </div>
    </figure>
    <figure>
      <div
        className=""
      >
        <img
          alt="icon"
          src="https://raw.githubusercontent.com/aerian-studios/aerian-site-rebuild/master/static/assets/infographics/Icon_devs.svg"
        />
      </div>
    </figure>
    <figure>
      <div
        className=""
      >
        <img
          alt="icon"
          src="https://raw.githubusercontent.com/aerian-studios/aerian-site-rebuild/master/static/assets/infographics/Icon_devs.svg"
        />
      </div>
    </figure>
    <figure>
      <div
        className=""
      >
        <img
          alt="icon"
          src="https://raw.githubusercontent.com/aerian-studios/aerian-site-rebuild/master/static/assets/infographics/Icon_devs.svg"
        />
      </div>
    </figure>
    <figure>
      <div
        className=""
      >
        <img
          alt="icon"
          src="https://raw.githubusercontent.com/aerian-studios/aerian-site-rebuild/master/static/assets/infographics/Icon_devs.svg"
        />
      </div>
    </figure>
    <figure>
      <div
        className=""
      >
        <img
          alt="icon"
          src="https://raw.githubusercontent.com/aerian-studios/aerian-site-rebuild/master/static/assets/infographics/Icon_devs.svg"
        />
      </div>
    </figure>
    <figure>
      <div
        className=""
      >
        <img
          alt="icon"
          src="https://raw.githubusercontent.com/aerian-studios/aerian-site-rebuild/master/static/assets/infographics/Icon_devs.svg"
        />
      </div>
    </figure>
    <figure>
      <div
        className=""
      >
        <img
          alt="icon"
          src="https://raw.githubusercontent.com/aerian-studios/aerian-site-rebuild/master/static/assets/infographics/Icon_devs.svg"
        />
      </div>
    </figure>
    <figure>
      <div
        className=""
      >
        <img
          alt="icon"
          src="https://raw.githubusercontent.com/aerian-studios/aerian-site-rebuild/master/static/assets/infographics/Icon_devs.svg"
        />
      </div>
    </figure>
    <figure>
      <div
        className=""
      >
        <img
          alt="icon"
          src="https://raw.githubusercontent.com/aerian-studios/aerian-site-rebuild/master/static/assets/infographics/Icon_devs.svg"
        />
      </div>
    </figure>
    <figure>
      <div
        className=""
      >
        <img
          alt="icon"
          src="https://raw.githubusercontent.com/aerian-studios/aerian-site-rebuild/master/static/assets/infographics/Icon_devs.svg"
        />
      </div>
    </figure>
  </div>
</div>
`;
