// Jest Snapshot v1, https://goo.gl/fbAQLP

exports[`Stat renders correctly 1`] = `
<figure
  className="stat  stat"
>
  <span
    className="statNumber statNumber"
  >
    <strong>
      477455
    </strong>
  </span>
  <span
    className="statDescription statDescription"
  >
    Total places booked 
  </span>
</figure>
`;
