// Jest Snapshot v1, https://goo.gl/fbAQLP

exports[`ClientGridBlock renders correctly 1`] = `
<div
  className=" myClass"
>
  <div
    className=" "
  >
    <a
      href="/projects/cnn-africa-view"
      onClick={[Function]}
      onMouseEnter={[Function]}
    >
      Project
    </a>
    <img
      src="https://raw.githubusercontent.com/aerian-studios/aerian-site-rebuild/master/static/assets/imported/452/cnn-logo.png"
    />
  </div>
</div>
`;
