// Jest Snapshot v1, https://goo.gl/fbAQLP

exports[`SuccessStoryBlock renders correctly 1`] = `
<div
  className=" "
>
  <h3>
    <span>
      Success story
    </span>
     
    BBC iWonder The Perfect Diet for you guide
  </h3>
  <div
    className=" "
  >
    <div>
      <figure>
        <div
          className=""
        >
          <img
            src="https://raw.githubusercontent.com/aerian-studios/aerian-site-rebuild/master/static/assets/imported/426/90000-icon.png"
          />
        </div>
      </figure>
      <h3>
        90,000 
      </h3>
      <p>
        Users in the first 2 hours 
      </p>
    </div>
    <div>
      <figure>
        <div
          className=""
        >
          <img
            src="https://raw.githubusercontent.com/aerian-studios/aerian-site-rebuild/master/static/assets/imported/429/top-guide-icon.png"
          />
        </div>
      </figure>
      <h3>
        Top guide 
      </h3>
      <p>
        On iwonder
      </p>
    </div>
    <div>
      <figure>
        <div
          className=""
        >
          <img
            src="https://raw.githubusercontent.com/aerian-studios/aerian-site-rebuild/master/static/assets/imported/428/54000-icon.png"
          />
        </div>
      </figure>
      <h3>
        1.5m
      </h3>
      <p>
        unique users after the first show
      </p>
    </div>
    <div>
      <figure>
        <div
          className=""
        >
          <img
            src="https://raw.githubusercontent.com/aerian-studios/aerian-site-rebuild/master/static/assets/imported/427/22000-icon.png"
          />
        </div>
      </figure>
      <h3>
        22,000
      </h3>
      <p>
        Concurrent users
      </p>
    </div>
  </div>
</div>
`;
