// Jest Snapshot v1, https://goo.gl/fbAQLP

exports[`ContactUsPage renders correctly 1`] = `
<section>
  <p
    className=" "
  >
    Loading
  </p>
  <div
    className=" "
  >
    <h2>
      ContactForm
    </h2>
  </div>
  <div>
    Facebook
  </div>
  <div>
    Twitter
  </div>
  <div>
    G+
  </div>
  <div>
    LinkedIn
  </div>
</section>
`;
