// Jest Snapshot v1, https://goo.gl/fbAQLP

exports[`StaffGridItem renders correctly 1`] = `
<div
  className="myClass"
  onClick={[Function]}
  style={
    Object {
      "gridArea": "staffNaN",
    }
  }
>
  <div
    className=""
  >
    <img
      src="https://raw.githubusercontent.com/aerian-studios/aerian-site-rebuild/master/static/assets/imported/484/paolo.png"
    />
  </div>
</div>
`;
