// Jest Snapshot v1, https://goo.gl/fbAQLP

exports[`PerformanceBlock renders correctly 1`] = `
<div
  className=" "
>
  <h2>
    Performance & Statistics
  </h2>
  <div
    className=" "
  >
    <figure
      className=" "
    >
      <span>
        <strong>
          558000
        </strong>
      </span>
      <span>
        558,000 additional visits
      </span>
    </figure>
  </div>
</div>
`;
