// Jest Snapshot v1, https://goo.gl/fbAQLP

exports[`RevealCard renders correctly 1`] = `
<div
  className=" myClass"
>
  <figure>
    <div
      className=""
    >
      <img
        alt="FEED ME"
        src="https://raw.githubusercontent.com/aerian-studios/aerian-site-rebuild/master/static/assets/imported/280/bbc-perfect-diet-for-you-hero-imagejpg.jpg"
      />
    </div>
  </figure>
  <a
    href="/our-work/project/bbc-iwonder-perfect-diet-for-you"
    title="Two interactive 'foodie' quizzes for BBC iWonder"
  >
    <div>
      <h3>
        BBC
      </h3>
      <button>
        View project
      </button>
    </div>
  </a>
  <figure>
    <div
      className=""
    >
      <img
        alt="clientlogo"
        src="https://raw.githubusercontent.com/aerian-studios/aerian-site-rebuild/master/static/assets/imported/474/cnn-white-logo.png"
      />
    </div>
  </figure>
</div>
`;
