// Jest Snapshot v1, https://goo.gl/fbAQLP

exports[`ProjectStageBlock renders correctly 1`] = `
<div
  className=" "
>
  <div
    className=" "
  >
    <h2>
      Stage
    </h2>
    <p>
      Whatever we built needed to be awesome, no matter how non-awesome someone's device might be
    </p>
  </div>
  <div
    className=" "
  >
    <div
      className=" "
    >
      <div
        className=""
      >
        <img
          alt="Responsive guidelines "
          src="https://raw.githubusercontent.com/aerian-studios/aerian-site-rebuild/master/static/assets/imported/622/bbc-iwonder-01.png"
        />
      </div>
      <h3>
        Responsive guidelines 
      </h3>
      <div>
        <ul>
          <li>
            Extensive UX and design reviews would require special attention to detail so that the final product would meet BBC needs.
          </li>
          <li>
            Work with iWonder responsive guidelines.
          </li>
        </ul>
      </div>
    </div>
    <div
      className=" "
    >
      <div
        className=""
      >
        <img
          alt="Audience sharing "
          src="https://raw.githubusercontent.com/aerian-studios/aerian-site-rebuild/master/static/assets/imported/623/bbc-iwonder-02.png"
        />
      </div>
      <h3>
        Audience sharing 
      </h3>
      <div>
        <ul>
          <li>
            Work with iWonder games guidelines.
          </li>
          <li>
            Creating an app framework that will work with a variety of question types.
          </li>
          <li>
            High audience and sharing figures were a requirement.
          </li>
        </ul>
      </div>
    </div>
    <div
      className=" "
    >
      <div
        className=""
      >
        <img
          alt="Tight turn around"
          src="https://raw.githubusercontent.com/aerian-studios/aerian-site-rebuild/master/static/assets/imported/624/bbc-iwonder-03.png"
        />
      </div>
      <h3>
        Tight turn around
      </h3>
      <div>
        <ul>
          <li>
            As always, a tight turn around time.
          </li>
          <li>
            The total download size of the initial activity load MUST be less than 250kb.
          </li>
          <li>
            Any individual asset within an activity SHOULD NOT exceed 100KB.
          </li>
        </ul>
      </div>
    </div>
  </div>
</div>
`;
