// Jest Snapshot v1, https://goo.gl/fbAQLP

exports[`ShowcaseCarousel renders correctly 1`] = `
<div
  className=" "
>
  <a
    href="/our-work/project/bbc-iwonder-perfect-diet-for-you"
    onClick={[Function]}
    onMouseEnter={[Function]}
  >
    <img
      src="https://raw.githubusercontent.com/aerian-studios/aerian-site-rebuild/master/static/assets/imported/280/bbc-perfect-diet-for-you-hero-imagejpg.jpg"
    />
  </a>
</div>
`;
