// Jest Snapshot v1, https://goo.gl/fbAQLP

exports[`CaseStudyIntro renders correctly 1`] = `
<div
  className=" myClass"
>
  <span>
    Case study
  </span>
  <h2>
    Two interactive 'foodie' quizzes for BBC iWonder
  </h2>
  <div>
    <p>
      With the launch of a new BBC1 series, we created two fun interactive quizzes that shine a light on all our weird and awkward eating habits.
    </p>
  </div>
  <button
    className="undefined"
  >
    <a
      href="http://www.bbc.co.uk/guides/z2csfg8"
    >
      Launch project
    </a>
    <i
      className="fa"
    />
  </button>
</div>
`;
