// Jest Snapshot v1, https://goo.gl/fbAQLP

exports[`SocialLinks renders correctly 1`] = `
<div
  className=" "
>
  <li
    className=" item"
  >
    <a
      href="https://www.facebook.com/aerianstudios/"
      rel="nofollow noreferer"
    />
  </li>
  <li
    className=" item"
  >
    <a
      href="https://twitter.com/aerianstudios"
      rel="nofollow noreferer"
    />
  </li>
  <li
    className=" item"
  >
    <a
      href="https://www.linkedin.com/company/aerian-studios"
      rel="nofollow noreferer"
    />
  </li>
  <li
    className=" item"
  >
    <a
      href="https://vimeo.com/aerianstudios"
      rel="nofollow noreferer"
    />
  </li>
</div>
`;
