// Jest Snapshot v1, https://goo.gl/fbAQLP

exports[`SocialLinks renders correctly 1`] = `
<div
  className=" "
>
  <span
    className="item"
  >
    <a
      aria-label="Visit Aerian studios on facebook"
      href="https://www.facebook.com/aerianstudios/"
      rel="nofollow noreferer"
    >
      <i
        className="fa"
      />
    </a>
  </span>
  <span
    className="item"
  >
    <a
      aria-label="Visit Aerian studios on twitter"
      href="https://twitter.com/aerianstudios"
      rel="nofollow noreferer"
    >
      <i
        className="fa"
      />
    </a>
  </span>
  <span
    className="item"
  >
    <a
      aria-label="Visit Aerian studios on linkedin"
      href="https://www.linkedin.com/company/aerian-studios"
      rel="nofollow noreferer"
    >
      <i
        className="fa"
      />
    </a>
  </span>
  <span
    className="item"
  >
    <a
      aria-label="Visit Aerian studios on vimeo-v"
      href="https://vimeo.com/aerianstudios"
      rel="nofollow noreferer"
    >
      <i
        className="fa"
      />
    </a>
  </span>
</div>
`;
