// Jest Snapshot v1, https://goo.gl/fbAQLP

exports[`SocialLinks renders correctly 1`] = `
<div
  className=" "
>
  <span
    className=" item"
  >
    <a
      href="https://www.facebook.com/aerianstudios/"
      rel="nofollow noreferer"
      title="facebook"
    >
      <i
        className="fa"
      />
    </a>
  </span>
  <span
    className=" item"
  >
    <a
      href="https://twitter.com/aerianstudios"
      rel="nofollow noreferer"
      title="twitter"
    >
      <i
        className="fa"
      />
    </a>
  </span>
  <span
    className=" item"
  >
    <a
      href="https://www.linkedin.com/company/aerian-studios"
      rel="nofollow noreferer"
      title="linkedin"
    >
      <i
        className="fa"
      />
    </a>
  </span>
  <span
    className=" item"
  >
    <a
      href="https://vimeo.com/aerianstudios"
      rel="nofollow noreferer"
      title="vimeo-v"
    >
      <i
        className="fa"
      />
    </a>
  </span>
</div>
`;
