// Jest Snapshot v1, https://goo.gl/fbAQLP

exports[`MainNavigation renders correctly 1`] = `
<nav
  className=" myClass"
  id="menu-main"
>
  <a
    className="menu-item "
    href="/page1"
    onClick={[Function]}
    onMouseEnter={[Function]}
  >
    <span
      className="menu-item "
    >
      Page 1
    </span>
  </a>
  <a
    className="menu-item "
    href="/page2"
    onClick={[Function]}
    onMouseEnter={[Function]}
  >
    <span
      className="menu-item "
    >
      Page 2
    </span>
  </a>
</nav>
`;
