// Jest Snapshot v1, https://goo.gl/fbAQLP

exports[`MainNavigation renders correctly 1`] = `
<nav
  className=" myClass"
  id="menu-main"
>
  <span
    className="menu-item-content"
  >
    Page 1
  </span>
  <span
    className="menu-item-content"
  >
    Page 2
  </span>
</nav>
`;

exports[`MainNavigation sets '.active-path' to the matching menu item 1`] = `
<nav
  className=" myClass"
  id="menu-main"
>
  <span
    className="menu-item-content"
  >
    Page 1
  </span>
  <span
    className="menu-item-content"
  >
    Page 2
  </span>
</nav>
`;
