// Jest Snapshot v1, https://goo.gl/fbAQLP

exports[`ContactForm renders correctly 1`] = `
<form
  className=" myClass"
  data-netlify={true}
  name="contact"
  onSubmit={[Function]}
>
  <div>
    <label
      htmlFor="name"
    >
      Name
    </label>
    <input
      name="name"
      onChange={[Function]}
      type="text"
      value=""
    />
  </div>
  <div>
    <label
      htmlFor="email"
    >
      Email
    </label>
    <input
      name="email"
      onChange={[Function]}
      type="email"
      value=""
    />
  </div>
  <div>
    <label
      htmlFor="phone"
    >
      Telephone
    </label>
    <input
      name="phone"
      onChange={[Function]}
      type="text"
      value=""
    />
  </div>
  <div>
    <label
      htmlFor="message"
    >
      Message
    </label>
    <textarea
      name="message"
      onChange={[Function]}
      value=""
    />
  </div>
  <input
    name="form-name"
    type="hidden"
    value="contact"
  />
  <div
    data-netlify-recaptcha={true}
  />
  <span
    className="undefined"
  >
    <button
      type="submit"
    >
      Submit
    </button>
    <i
      className="fa"
    />
  </span>
</form>
`;
