// Jest Snapshot v1, https://goo.gl/fbAQLP

exports[`OnwardJourneys renders correctly 1`] = `
<div
  className=" "
>
  <div>
    <h2>
      Like what you see?
    </h2>
    <a
      href="http://www.bbc.co.uk/guides/z2csfg8"
    >
      Launch project
    </a>
  </div>
  <div>
    <h2>
      Got a project in mind?
    </h2>
    <a
      href="/contact-us"
      onClick={[Function]}
      onMouseEnter={[Function]}
    >
      Contact us
    </a>
  </div>
</div>
`;
