// Jest Snapshot v1, https://goo.gl/fbAQLP

exports[`StaffGridBlock renders correctly 1`] = `
<div
  className=" "
>
  <div
    className=" "
    onClick={[Function]}
    style={
      Object {
        "gridArea": "staff1",
      }
    }
  >
    <div
      className=""
    >
      <img
        src="https://raw.githubusercontent.com/aerian-studios/aerian-site-rebuild/master/static/assets/imported/484/paolo.png"
      />
    </div>
  </div>
  <div
    className=" "
    onClick={[Function]}
    style={
      Object {
        "gridArea": "staff2",
      }
    }
  >
    <div
      className=""
    >
      <img
        src="https://raw.githubusercontent.com/aerian-studios/aerian-site-rebuild/master/static/assets/imported/486/geoff.png"
      />
    </div>
  </div>
  <div
    className=" "
    onClick={[Function]}
    style={
      Object {
        "gridArea": "staff3",
      }
    }
  >
    <div
      className=""
    >
      <img
        src="https://raw.githubusercontent.com/aerian-studios/aerian-site-rebuild/master/static/assets/imported/488/simon.png"
      />
    </div>
  </div>
  <div
    className=" "
    onClick={[Function]}
    style={
      Object {
        "gridArea": "staff4",
      }
    }
  >
    <div
      className=""
    >
      <img
        src="https://raw.githubusercontent.com/aerian-studios/aerian-site-rebuild/master/static/assets/imported/491/ben.png"
      />
    </div>
  </div>
  <div
    className=" "
    onClick={[Function]}
    style={
      Object {
        "gridArea": "staff5",
      }
    }
  >
    <div
      className=""
    >
      <img
        src="https://raw.githubusercontent.com/aerian-studios/aerian-site-rebuild/master/static/assets/imported/493/andy.png"
      />
    </div>
  </div>
  <div
    className=" "
    onClick={[Function]}
    style={
      Object {
        "gridArea": "staff6",
      }
    }
  >
    <div
      className=""
    >
      <img
        src="https://raw.githubusercontent.com/aerian-studios/aerian-site-rebuild/master/static/assets/imported/532/adam.png"
      />
    </div>
  </div>
  <div
    className=" "
    onClick={[Function]}
    style={
      Object {
        "gridArea": "staff7",
      }
    }
  >
    <div
      className=""
    >
      <img
        src="https://raw.githubusercontent.com/aerian-studios/aerian-site-rebuild/master/static/assets/imported/564/ant.png"
      />
    </div>
  </div>
  <div
    className=" "
    onClick={[Function]}
    style={
      Object {
        "gridArea": "staff8",
      }
    }
  >
    <div
      className=""
    >
      <img
        src="https://raw.githubusercontent.com/aerian-studios/aerian-site-rebuild/master/static/assets/imported/566/chris.png"
      />
    </div>
  </div>
  <div
    className=" "
    onClick={[Function]}
    style={
      Object {
        "gridArea": "staff9",
      }
    }
  >
    <div
      className=""
    >
      <img
        src="https://raw.githubusercontent.com/aerian-studios/aerian-site-rebuild/master/static/assets/imported/498/darren.png"
      />
    </div>
  </div>
  <div
    className=" "
    onClick={[Function]}
    style={
      Object {
        "gridArea": "staff10",
      }
    }
  >
    <div
      className=""
    >
      <img
        src="https://raw.githubusercontent.com/aerian-studios/aerian-site-rebuild/master/static/assets/imported/502/david.png"
      />
    </div>
  </div>
  <div
    className=" "
    onClick={[Function]}
    style={
      Object {
        "gridArea": "staff11",
      }
    }
  >
    <div
      className=""
    >
      <img
        src="https://raw.githubusercontent.com/aerian-studios/aerian-site-rebuild/master/static/assets/imported/504/hannah.png"
      />
    </div>
  </div>
  <div
    className=" "
    onClick={[Function]}
    style={
      Object {
        "gridArea": "staff12",
      }
    }
  >
    <div
      className=""
    >
      <img
        src="https://raw.githubusercontent.com/aerian-studios/aerian-site-rebuild/master/static/assets/imported/735/dscf2303.jpg"
      />
    </div>
  </div>
  <div
    className=" "
    onClick={[Function]}
    style={
      Object {
        "gridArea": "staff13",
      }
    }
  >
    <div
      className=""
    >
      <img
        src="https://raw.githubusercontent.com/aerian-studios/aerian-site-rebuild/master/static/assets/imported/506/james.png"
      />
    </div>
  </div>
  <div
    className=" "
    onClick={[Function]}
    style={
      Object {
        "gridArea": "staff14",
      }
    }
  >
    <div
      className=""
    >
      <img
        src="https://raw.githubusercontent.com/aerian-studios/aerian-site-rebuild/master/static/assets/imported/509/jason.png"
      />
    </div>
  </div>
  <div
    className=" "
    onClick={[Function]}
    style={
      Object {
        "gridArea": "staff15",
      }
    }
  >
    <div
      className=""
    >
      <img
        src="https://raw.githubusercontent.com/aerian-studios/aerian-site-rebuild/master/static/assets/imported/758/dsc00096.jpg"
      />
    </div>
  </div>
  <div
    className=" "
    onClick={[Function]}
    style={
      Object {
        "gridArea": "staff16",
      }
    }
  >
    <div
      className=""
    >
      <img
        src="https://raw.githubusercontent.com/aerian-studios/aerian-site-rebuild/master/static/assets/imported/568/marek.png"
      />
    </div>
  </div>
  <div
    className=" "
    onClick={[Function]}
    style={
      Object {
        "gridArea": "staff17",
      }
    }
  >
    <div
      className=""
    >
      <img
        src="https://raw.githubusercontent.com/aerian-studios/aerian-site-rebuild/master/static/assets/imported/515/margy.png"
      />
    </div>
  </div>
  <div
    className=" "
    onClick={[Function]}
    style={
      Object {
        "gridArea": "staff18",
      }
    }
  >
    <div
      className=""
    >
      <img
        src="https://raw.githubusercontent.com/aerian-studios/aerian-site-rebuild/master/static/assets/imported/734/dscf2391.jpg"
      />
    </div>
  </div>
  <div
    className=" "
    onClick={[Function]}
    style={
      Object {
        "gridArea": "staff19",
      }
    }
  >
    <div
      className=""
    >
      <img
        src="https://raw.githubusercontent.com/aerian-studios/aerian-site-rebuild/master/static/assets/imported/755/dscf2338.jpg"
      />
    </div>
  </div>
  <div
    className=" "
    onClick={[Function]}
    style={
      Object {
        "gridArea": "staff20",
      }
    }
  >
    <div
      className=""
    >
      <img
        src="https://raw.githubusercontent.com/aerian-studios/aerian-site-rebuild/master/static/assets/imported/517/paul.png"
      />
    </div>
  </div>
  <div
    className=" "
    onClick={[Function]}
    style={
      Object {
        "gridArea": "staff21",
      }
    }
  >
    <div
      className=""
    >
      <img
        src="https://raw.githubusercontent.com/aerian-studios/aerian-site-rebuild/master/static/assets/imported/521/neil.png"
      />
    </div>
  </div>
  <div
    className=" "
    onClick={[Function]}
    style={
      Object {
        "gridArea": "staff22",
      }
    }
  >
    <div
      className=""
    >
      <img
        src="https://raw.githubusercontent.com/aerian-studios/aerian-site-rebuild/master/static/assets/imported/523/ryan.png"
      />
    </div>
  </div>
  <div
    className=" "
    onClick={[Function]}
    style={
      Object {
        "gridArea": "staff23",
      }
    }
  >
    <div
      className=""
    >
      <img
        src="https://raw.githubusercontent.com/aerian-studios/aerian-site-rebuild/master/static/assets/imported/525/sunya.png"
      />
    </div>
  </div>
  <div
    className=" "
    onClick={[Function]}
    style={
      Object {
        "gridArea": "staff24",
      }
    }
  >
    <div
      className=""
    >
      <img
        src="https://raw.githubusercontent.com/aerian-studios/aerian-site-rebuild/master/static/assets/imported/527/spencer.png"
      />
    </div>
  </div>
  <div
    className=" "
    onClick={[Function]}
    style={
      Object {
        "gridArea": "staff25",
      }
    }
  >
    <div
      className=""
    >
      <img
        src="https://raw.githubusercontent.com/aerian-studios/aerian-site-rebuild/master/static/assets/imported/529/wayne.png"
      />
    </div>
  </div>
  <div
    className=" "
    onClick={[Function]}
    style={
      Object {
        "gridArea": "staff26",
      }
    }
  >
    <div
      className=""
    >
      <img
        src="https://raw.githubusercontent.com/aerian-studios/aerian-site-rebuild/master/static/assets/imported/530/aero.png"
      />
    </div>
  </div>
  <div
    className=" "
    onClick={[Function]}
    style={
      Object {
        "gridArea": "staff27",
      }
    }
  >
    <div
      className=""
    >
      <img
        src="https://raw.githubusercontent.com/aerian-studios/aerian-site-rebuild/master/static/assets/imported/500/dave.png"
      />
    </div>
  </div>
  <div
    className=" "
    onClick={[Function]}
    style={
      Object {
        "gridArea": "staff28",
      }
    }
  >
    <div
      className=""
    >
      <img
        src="https://raw.githubusercontent.com/aerian-studios/aerian-site-rebuild/master/static/assets/imported/208/lucy.jpg"
      />
    </div>
  </div>
  <div
    className=" "
    onClick={[Function]}
    style={
      Object {
        "gridArea": "staff29",
      }
    }
  >
    <div
      className=""
    >
      <img
        src="https://raw.githubusercontent.com/aerian-studios/aerian-site-rebuild/master/static/assets/imported/513/liam.png"
      />
    </div>
  </div>
  <div
    className=" "
    onClick={[Function]}
    style={
      Object {
        "gridArea": "staff30",
      }
    }
  >
    <div
      className=""
    >
      <img
        src="https://raw.githubusercontent.com/aerian-studios/aerian-site-rebuild/master/static/assets/imported/533/arno.png"
      />
    </div>
  </div>
  <div
    className=" "
    onClick={[Function]}
    style={
      Object {
        "gridArea": "staff31",
      }
    }
  >
    <div
      className=""
    >
      <img
        src="https://raw.githubusercontent.com/aerian-studios/aerian-site-rebuild/master/static/assets/imported/519/matt.png"
      />
    </div>
  </div>
  <div
    className=" "
    onClick={[Function]}
    style={
      Object {
        "gridArea": "staff32",
      }
    }
  >
    <div
      className=""
    >
      <img
        src="https://raw.githubusercontent.com/aerian-studios/aerian-site-rebuild/master/static/assets/imported/511/john.png"
      />
    </div>
  </div>
  <div
    className=" "
    onClick={[Function]}
    style={
      Object {
        "gridArea": "staff33",
      }
    }
  >
    <div
      className=""
    >
      <img
        src="https://raw.githubusercontent.com/aerian-studios/aerian-site-rebuild/master/static/assets/imported/757/dsc00108.jpg"
      />
    </div>
  </div>
</div>
`;
