// Jest Snapshot v1, https://goo.gl/fbAQLP

exports[`ClientGridItem renders correctly 1`] = `
<div
  className=" myClass"
>
  <a
    href="/our-work/project/cnn-africa-view"
  >
    <figure
      className=" "
    >
      <div
        className=""
      >
        <img
          alt="CNN"
          src="https://raw.githubusercontent.com/aerian-studios/aerian-site-rebuild/master/static/assets/imported/452/cnn-logo.png"
        />
      </div>
    </figure>
  </a>
</div>
`;
