// Jest Snapshot v1, https://goo.gl/fbAQLP

exports[`AboutPage renders correctly 1`] = `
Array [
  <header
    className=""
    id="page-header"
    style={Object {}}
  >
    <div
      className=""
    >
      <figure
        className=""
      >
        <div
          className=""
        >
          <img
            src="https://raw.githubusercontent.com/aerian-studios/aerian-site-rebuild/master/static/assets/imported/421/about-hero-image.jpg"
          />
        </div>
      </figure>
      <div>
        <div>
          <h1>
            If you rely on the web you can rely on us
          </h1>
          <button
            className="undefined"
          >
            <a
              href="/our-work/"
              onClick={[Function]}
              onMouseEnter={[Function]}
            >
              Our work
            </a>
            <i
              className="fa"
            />
          </button>
        </div>
      </div>
    </div>
    <div />
  </header>,
  <section>
    <div
      className=""
    >
      <h1>
        A family of enthusiastic geeks who love all things web and innovative
      </h1>
      <p>
        For over 20 years we have built industry leading campaigns, websites, products and mobile Apps and we have never lost a client because we always deliver on our promises with scientifically proven results, and we always put the user first.
      </p>
    </div>
    <div
      className=" "
    >
      <div
        className=" "
      >
        <a
          href="/our-work/project/cnn-africa-view"
          onClick={[Function]}
          onMouseEnter={[Function]}
        >
          <figure
            className=" "
          >
            <div
              className=""
            >
              <img
                alt="CNN"
                src="https://raw.githubusercontent.com/aerian-studios/aerian-site-rebuild/master/static/assets/imported/452/cnn-logo.png"
              />
            </div>
          </figure>
        </a>
      </div>
    </div>
    <div
      style={
        Object {
          "display": "flex",
        }
      }
    >
      <div
        className=""
      >
        <img
          src="https://raw.githubusercontent.com/aerian-studios/aerian-site-rebuild/master/static/assets/infographics/Icon_devs.svg"
          style={
            Object {
              "height": 100,
              "width": 100,
            }
          }
        />
      </div>
      <div
        className=""
      >
        <img
          src="https://raw.githubusercontent.com/aerian-studios/aerian-site-rebuild/master/static/assets/infographics/Icon_designers.svg"
          style={
            Object {
              "height": 100,
              "width": 100,
            }
          }
        />
      </div>
      <div
        className=""
      >
        <img
          src="https://raw.githubusercontent.com/aerian-studios/aerian-site-rebuild/master/static/assets/infographics/Icon_management.svg"
          style={
            Object {
              "height": 100,
              "width": 100,
            }
          }
        />
      </div>
      <div
        className=""
      >
        <img
          src="https://raw.githubusercontent.com/aerian-studios/aerian-site-rebuild/master/static/assets/infographics/Icon_monitor.svg"
          style={
            Object {
              "height": 100,
              "width": 100,
            }
          }
        />
      </div>
      <div
        className=""
      >
        <img
          src="https://raw.githubusercontent.com/aerian-studios/aerian-site-rebuild/master/static/assets/infographics/Icon_monitor.svg"
          style={
            Object {
              "height": 100,
              "width": 100,
            }
          }
        />
      </div>
      <div
        className=""
      >
        <img
          src="https://raw.githubusercontent.com/aerian-studios/aerian-site-rebuild/master/static/assets/infographics/Icon_monitor.svg"
          style={
            Object {
              "height": 100,
              "width": 100,
            }
          }
        />
      </div>
      <div
        className=""
      >
        <img
          src="https://raw.githubusercontent.com/aerian-studios/aerian-site-rebuild/master/static/assets/infographics/Icon_monitor.svg"
          style={
            Object {
              "height": 100,
              "width": 100,
            }
          }
        />
      </div>
      <div
        className=""
      >
        <img
          src="https://raw.githubusercontent.com/aerian-studios/aerian-site-rebuild/master/static/assets/infographics/Icon_beard.svg"
          style={
            Object {
              "height": 100,
              "width": 100,
            }
          }
        />
      </div>
      <div
        className=""
      >
        <img
          src="https://raw.githubusercontent.com/aerian-studios/aerian-site-rebuild/master/static/assets/infographics/Icon_desk.svg"
          style={
            Object {
              "height": 100,
              "width": 100,
            }
          }
        />
      </div>
      <div
        className=""
      >
        <img
          src="https://raw.githubusercontent.com/aerian-studios/aerian-site-rebuild/master/static/assets/infographics/Icon_beer.svg"
          style={
            Object {
              "height": 100,
              "width": 100,
            }
          }
        />
      </div>
      <div
        className=""
      >
        <img
          src="https://raw.githubusercontent.com/aerian-studios/aerian-site-rebuild/master/static/assets/infographics/Icon_plant.svg"
          style={
            Object {
              "height": 100,
              "width": 100,
            }
          }
        />
      </div>
      <div
        className=""
      >
        <img
          src="https://raw.githubusercontent.com/aerian-studios/aerian-site-rebuild/master/static/assets/infographics/Icon_piano.svg"
          style={
            Object {
              "height": 100,
              "width": 100,
            }
          }
        />
      </div>
      <div
        className=""
      >
        <img
          src="https://raw.githubusercontent.com/aerian-studios/aerian-site-rebuild/master/static/assets/infographics/Icon_guitar.svg"
          style={
            Object {
              "height": 100,
              "width": 100,
            }
          }
        />
      </div>
      <div
        className=""
      >
        <img
          src="https://raw.githubusercontent.com/aerian-studios/aerian-site-rebuild/master/static/assets/infographics/Icon_mic.svg"
          style={
            Object {
              "height": 100,
              "width": 100,
            }
          }
        />
      </div>
      <div
        className=""
      >
        <img
          src="https://raw.githubusercontent.com/aerian-studios/aerian-site-rebuild/master/static/assets/infographics/Icon_car.svg"
          style={
            Object {
              "height": 100,
              "width": 100,
            }
          }
        />
      </div>
      <div
        className=""
      >
        <img
          src="https://raw.githubusercontent.com/aerian-studios/aerian-site-rebuild/master/static/assets/infographics/Icon_barrel.svg"
          style={
            Object {
              "height": 100,
              "width": 100,
            }
          }
        />
      </div>
    </div>
  </section>,
]
`;
